// Vitest Snapshot v1

exports[`Pokemon Card > it should render correctly 1`] = `
{
  "asFragment": [Function],
  "baseElement": <body>
    <div>
      <div
        class="ant-card ant-card-bordered mx-xl-4  mx-lg-2 mx-md-3 pokemonCard mb-4 css-dev-only-do-not-override-ixblex"
      >
        <div
          class="ant-card-cover"
        >
          <a
            href="/pokemon/1"
          >
            <img
              alt="pokemonImage"
              src="mock data"
            />
          </a>
        </div>
        <div
          class="ant-card-body"
        >
          <h4>
            Name
          </h4>
          <p>
            mock data
          </p>
          <div
            class="pokeTypes"
          >
            <button
              class="ant-btn css-dev-only-do-not-override-ixblex ant-btn-default"
              type="button"
            >
              <span>
                Grass
              </span>
            </button>
            <button
              class="ant-btn css-dev-only-do-not-override-ixblex ant-btn-default"
              type="button"
            >
              <span>
                Poison
              </span>
            </button>
          </div>
        </div>
      </div>
    </div>
  </body>,
  "container": <div>
    <div
      class="ant-card ant-card-bordered mx-xl-4  mx-lg-2 mx-md-3 pokemonCard mb-4 css-dev-only-do-not-override-ixblex"
    >
      <div
        class="ant-card-cover"
      >
        <a
          href="/pokemon/1"
        >
          <img
            alt="pokemonImage"
            src="mock data"
          />
        </a>
      </div>
      <div
        class="ant-card-body"
      >
        <h4>
          Name
        </h4>
        <p>
          mock data
        </p>
        <div
          class="pokeTypes"
        >
          <button
            class="ant-btn css-dev-only-do-not-override-ixblex ant-btn-default"
            type="button"
          >
            <span>
              Grass
            </span>
          </button>
          <button
            class="ant-btn css-dev-only-do-not-override-ixblex ant-btn-default"
            type="button"
          >
            <span>
              Poison
            </span>
          </button>
        </div>
      </div>
    </div>
  </div>,
  "debug": [Function],
  "findAllByAltText": [Function],
  "findAllByDisplayValue": [Function],
  "findAllByLabelText": [Function],
  "findAllByPlaceholderText": [Function],
  "findAllByRole": [Function],
  "findAllByTestId": [Function],
  "findAllByText": [Function],
  "findAllByTitle": [Function],
  "findByAltText": [Function],
  "findByDisplayValue": [Function],
  "findByLabelText": [Function],
  "findByPlaceholderText": [Function],
  "findByRole": [Function],
  "findByTestId": [Function],
  "findByText": [Function],
  "findByTitle": [Function],
  "getAllByAltText": [Function],
  "getAllByDisplayValue": [Function],
  "getAllByLabelText": [Function],
  "getAllByPlaceholderText": [Function],
  "getAllByRole": [Function],
  "getAllByTestId": [Function],
  "getAllByText": [Function],
  "getAllByTitle": [Function],
  "getByAltText": [Function],
  "getByDisplayValue": [Function],
  "getByLabelText": [Function],
  "getByPlaceholderText": [Function],
  "getByRole": [Function],
  "getByTestId": [Function],
  "getByText": [Function],
  "getByTitle": [Function],
  "queryAllByAltText": [Function],
  "queryAllByDisplayValue": [Function],
  "queryAllByLabelText": [Function],
  "queryAllByPlaceholderText": [Function],
  "queryAllByRole": [Function],
  "queryAllByTestId": [Function],
  "queryAllByText": [Function],
  "queryAllByTitle": [Function],
  "queryByAltText": [Function],
  "queryByDisplayValue": [Function],
  "queryByLabelText": [Function],
  "queryByPlaceholderText": [Function],
  "queryByRole": [Function],
  "queryByTestId": [Function],
  "queryByText": [Function],
  "queryByTitle": [Function],
  "rerender": [Function],
  "unmount": [Function],
}
`;
